{"ts":"2026-02-09T14:41:45+00:00","label":"fc_pedido_alterado:start","data":{"order_id":30,"old":"checkout-draft","new":"pending"}}
{"ts":"2026-02-09T14:41:46+00:00","label":"fc_pedido_alterado:retrieve_address","data":{"id":null,"country":"Brasil","state":"SP","city":"São Paulo","district":"Vila Maria","postal_code":"02121020","street":"Rua da Gávea","number":"896","complement":""}}
{"ts":"2026-02-09T14:41:46+00:00","label":"fc_pedido_alterado:delivery_address","data":{"id":null,"country":"Brasil","state":"SP","city":"Pirassununga","district":"Jardim Milenium","postal_code":"13630476","street":"Rua Jose Prado dos Santos Filho","number":"306","complement":""}}
{"ts":"2026-02-09T14:41:46+00:00","label":"fc_pedido_alterado:me","data":{"peopleId":3227,"companyId":2}}
{"ts":"2026-02-09T14:41:46+00:00","label":"fc_pedido_alterado:customer_lookup","data":{"email":"leandro.gabrielcunha@gmail.com","data":17183}}
{"ts":"2026-02-09T14:41:46+00:00","label":"fc_pedido_alterado:request","data":{"order_id":30,"freteclick_order":3087345,"payload":{"quote":22474726,"price":59.409174883864,"payer":"2","retrieve":{"id":"2","contact":"3227","address":{"id":null,"country":"Brasil","state":"SP","city":"São Paulo","district":"Vila Maria","postal_code":"02121020","street":"Rua da Gávea","number":"896","complement":""}},"delivery":{"id":"2","contact":"","address":{"id":null,"country":"Brasil","state":"SP","city":"Pirassununga","district":"Jardim Milenium","postal_code":"13630476","street":"Rua Jose Prado dos Santos Filho","number":"306","complement":""}}}}}
{"ts":"2026-02-09T14:41:46+00:00","label":"fc_pedido_alterado:error","data":{"order_id":30,"error":"Delivery contact not found"}}
{"ts":"2026-02-09T14:41:47+00:00","label":"fc_pedido_alterado:start","data":{"order_id":30,"old":"pending","new":"processing"}}
{"ts":"2026-02-09T14:41:48+00:00","label":"fc_pedido_alterado:retrieve_address","data":{"id":null,"country":"Brasil","state":"SP","city":"São Paulo","district":"Vila Maria","postal_code":"02121020","street":"Rua da Gávea","number":"896","complement":""}}
{"ts":"2026-02-09T14:41:48+00:00","label":"fc_pedido_alterado:delivery_address","data":{"id":null,"country":"Brasil","state":"SP","city":"Pirassununga","district":"Jardim Milenium","postal_code":"13630476","street":"Rua Jose Prado dos Santos Filho","number":"306","complement":""}}
{"ts":"2026-02-09T14:41:48+00:00","label":"fc_pedido_alterado:me","data":{"peopleId":3227,"companyId":2}}
{"ts":"2026-02-09T14:41:48+00:00","label":"fc_pedido_alterado:customer_lookup","data":{"email":"leandro.gabrielcunha@gmail.com","data":17183}}
{"ts":"2026-02-09T14:41:48+00:00","label":"fc_pedido_alterado:request","data":{"order_id":30,"freteclick_order":3087345,"payload":{"quote":22474726,"price":59.409174883864,"payer":"2","retrieve":{"id":"2","contact":"3227","address":{"id":null,"country":"Brasil","state":"SP","city":"São Paulo","district":"Vila Maria","postal_code":"02121020","street":"Rua da Gávea","number":"896","complement":""}},"delivery":{"id":"2","contact":"","address":{"id":null,"country":"Brasil","state":"SP","city":"Pirassununga","district":"Jardim Milenium","postal_code":"13630476","street":"Rua Jose Prado dos Santos Filho","number":"306","complement":""}}}}}
{"ts":"2026-02-09T14:41:48+00:00","label":"fc_pedido_alterado:error","data":{"order_id":30,"error":"Delivery contact not found"}}
{"ts":"2026-02-09T14:49:34+00:00","label":"fc_pedido_alterado:start","data":{"order_id":31,"old":"checkout-draft","new":"pending"}}
{"ts":"2026-02-09T14:49:35+00:00","label":"fc_pedido_alterado:retrieve_address","data":{"id":null,"country":"Brasil","state":"SP","city":"São Paulo","district":"Vila Maria","postal_code":"02121020","street":"Rua da Gávea","number":"896","complement":""}}
{"ts":"2026-02-09T14:49:35+00:00","label":"fc_pedido_alterado:delivery_address","data":{"id":null,"country":"Brasil","state":"SP","city":"Pirassununga","district":"Jardim Milenium","postal_code":"13630476","street":"Rua Jose Prado dos Santos Filho","number":"306","complement":""}}
{"ts":"2026-02-09T14:49:35+00:00","label":"fc_pedido_alterado:me","data":{"peopleId":3227,"companyId":2}}
{"ts":"2026-02-09T14:49:35+00:00","label":"fc_pedido_alterado:request","data":{"order_id":31,"freteclick_order":3087397,"payload":{"quote":22474971,"price":157.9822616408,"payer":"2","retrieve":{"id":"2","address":{"id":null,"country":"Brasil","state":"SP","city":"São Paulo","district":"Vila Maria","postal_code":"02121020","street":"Rua da Gávea","number":"896","complement":""},"contact":"3227"},"delivery":{"id":"2","address":{"id":null,"country":"Brasil","state":"SP","city":"Pirassununga","district":"Jardim Milenium","postal_code":"13630476","street":"Rua Jose Prado dos Santos Filho","number":"306","complement":""},"contact":"3227"}}}}
{"ts":"2026-02-09T14:49:36+00:00","label":"fc_pedido_alterado:no_people","data":{"order_id":31}}
{"ts":"2026-02-09T14:49:37+00:00","label":"fc_pedido_alterado:start","data":{"order_id":31,"old":"pending","new":"processing"}}
{"ts":"2026-02-09T14:49:37+00:00","label":"fc_pedido_alterado:retrieve_address","data":{"id":null,"country":"Brasil","state":"SP","city":"São Paulo","district":"Vila Maria","postal_code":"02121020","street":"Rua da Gávea","number":"896","complement":""}}
{"ts":"2026-02-09T14:49:37+00:00","label":"fc_pedido_alterado:delivery_address","data":{"id":null,"country":"Brasil","state":"SP","city":"Pirassununga","district":"Jardim Milenium","postal_code":"13630476","street":"Rua Jose Prado dos Santos Filho","number":"306","complement":""}}
{"ts":"2026-02-09T14:49:37+00:00","label":"fc_pedido_alterado:me","data":{"peopleId":3227,"companyId":2}}
{"ts":"2026-02-09T14:49:37+00:00","label":"fc_pedido_alterado:request","data":{"order_id":31,"freteclick_order":3087397,"payload":{"quote":22474971,"price":157.9822616408,"payer":"2","retrieve":{"id":"2","address":{"id":null,"country":"Brasil","state":"SP","city":"São Paulo","district":"Vila Maria","postal_code":"02121020","street":"Rua da Gávea","number":"896","complement":""},"contact":"3227"},"delivery":{"id":"2","address":{"id":null,"country":"Brasil","state":"SP","city":"Pirassununga","district":"Jardim Milenium","postal_code":"13630476","street":"Rua Jose Prado dos Santos Filho","number":"306","complement":""},"contact":"3227"}}}}
{"ts":"2026-02-09T14:49:38+00:00","label":"fc_pedido_alterado:no_people","data":{"order_id":31}}
